// Jest Snapshot v1, https://goo.gl/fbAQLP

exports[`Primary button snapshot test 1`] = `
<NavLink
  activeClassName="active"
  activeStyle={
    Object {
      "display": "none",
    }
  }
  aria-current="page"
  to="/test"
>
  <button
    onClick={null}
    style={
      Object {
        "backgroundColor": "#fff",
        "color": "#000",
      }
    }
    type="button"
  >
    test
  </button>
</NavLink>
`;
